=== exit ===
0
=== stdout ===
Program
  FunctionDecl 't' -> bool
    Block
      VarDeclStmt 'a' : int
        BinaryExpr '-' : int
          BinaryExpr '+' : int
            IntLiteral 1 : int
            BinaryExpr '*' : int
              IntLiteral 2 : int
              IntLiteral 3 : int
          BinaryExpr '%' : int
            BinaryExpr '/' : int
              IntLiteral 4 : int
              IntLiteral 2 : int
            IntLiteral 3 : int
      VarDeclStmt 'b' : bool
        BinaryExpr '||' : bool
          BinaryExpr '&&' : bool
            BinaryExpr '<' : bool
              IntLiteral 1 : int
              IntLiteral 2 : int
            BinaryExpr '==' : bool
              IntLiteral 3 : int
              IntLiteral 4 : int
          UnaryExpr '!' : bool
            BoolLiteral false : bool
      VarDeclStmt 'c' : int
        BinaryExpr '+' : int
          UnaryExpr '-' : int
            VarRef 'a' : int
          UnaryExpr '-' : int
            BinaryExpr '*' : int
              IntLiteral 3 : int
              IntLiteral 2 : int
      ReturnStmt
        VarRef 'b' : bool
  FunctionDecl 'main' -> int
    Block
      ReturnStmt
        IntLiteral 0 : int
=== stderr ===
