=== exit ===
0
=== stdout ===
Program
  FunctionDecl 'sum' -> int
    ParamDecl 'n' : int
    Block
      VarDeclStmt 'total' : int
        IntLiteral 0 : int
      VarDeclStmt 'i' : int
        IntLiteral 0 : int
      WhileStmt
        cond:
          BinaryExpr '<' : bool
            VarRef 'i' : int
            VarRef 'n' : int
        body:
          Block
            AssignStmt 'total'
              BinaryExpr '+' : int
                VarRef 'total' : int
                VarRef 'i' : int
            AssignStmt 'i'
              BinaryExpr '+' : int
                VarRef 'i' : int
                IntLiteral 1 : int
      ReturnStmt
        VarRef 'total' : int
  FunctionDecl 'main' -> int
    Block
      ExprStmt
        CallExpr 'print_int' : void
          CallExpr 'sum' : int
            IntLiteral 100 : int
      ReturnStmt
        IntLiteral 0 : int
=== stderr ===
