=== exit ===
0
=== stdout ===
Program
  FunctionDecl 'fib' -> int
    ParamDecl 'n' : int
    Block
      IfStmt
        cond:
          BinaryExpr '<' : bool
            VarRef 'n' : int
            IntLiteral 2 : int
        then:
          Block
            ReturnStmt
              VarRef 'n' : int
      ReturnStmt
        BinaryExpr '+' : int
          CallExpr 'fib' : int
            BinaryExpr '-' : int
              VarRef 'n' : int
              IntLiteral 1 : int
          CallExpr 'fib' : int
            BinaryExpr '-' : int
              VarRef 'n' : int
              IntLiteral 2 : int
  FunctionDecl 'main' -> int
    Block
      ExprStmt
        CallExpr 'print_int' : void
          CallExpr 'fib' : int
            IntLiteral 30 : int
      ReturnStmt
        IntLiteral 0 : int
=== stderr ===
