=== exit ===
0
=== stdout ===
     4:1  kw_fn           'fn'
     4:4  identifier      'sum'
     4:7  l_paren         '('
     4:8  kw_int          'int'
    4:12  identifier      'n'
    4:13  r_paren         ')'
    4:15  arrow           '->'
    4:18  kw_int          'int'
    4:22  l_brace         '{'
     5:5  kw_int          'int'
     5:9  identifier      'total'
    5:15  assign          '='
    5:17  int_literal     '0'  value=0
    5:18  semicolon       ';'
     6:5  kw_int          'int'
     6:9  identifier      'i'
    6:11  assign          '='
    6:13  int_literal     '0'  value=0
    6:14  semicolon       ';'
     7:5  kw_while        'while'
    7:11  l_paren         '('
    7:12  identifier      'i'
    7:14  less            '<'
    7:16  identifier      'n'
    7:17  r_paren         ')'
    7:19  l_brace         '{'
     8:9  identifier      'total'
    8:15  assign          '='
    8:17  identifier      'total'
    8:23  plus            '+'
    8:25  identifier      'i'
    8:26  semicolon       ';'
     9:9  identifier      'i'
    9:11  assign          '='
    9:13  identifier      'i'
    9:15  plus            '+'
    9:17  int_literal     '1'  value=1
    9:18  semicolon       ';'
    10:5  r_brace         '}'
    11:5  kw_return       'return'
   11:12  identifier      'total'
   11:17  semicolon       ';'
    12:1  r_brace         '}'
    14:1  kw_fn           'fn'
    14:4  identifier      'main'
    14:8  l_paren         '('
    14:9  r_paren         ')'
   14:11  arrow           '->'
   14:14  kw_int          'int'
   14:18  l_brace         '{'
    15:5  identifier      'print_int'
   15:14  l_paren         '('
   15:15  identifier      'sum'
   15:18  l_paren         '('
   15:19  int_literal     '100'  value=100
   15:22  r_paren         ')'
   15:23  r_paren         ')'
   15:24  semicolon       ';'
    16:5  kw_return       'return'
   16:12  int_literal     '0'  value=0
   16:13  semicolon       ';'
    17:1  r_brace         '}'
    18:1  eof             ''
=== stderr ===
